
================================================================================
PHASE 10.2 COMPREHENSIVE TEST SUITE
================================================================================

================================================================================
TEST 1: MULTI-STEP SUCCESS
================================================================================
Status: partial
Steps executed: 1/2
Rollback triggered: True
Confidence: 0.82
[FAIL] Criteria not met
  Status: partial (expected success)
  Steps: 1/2
  Rollback: True
  Confidence: 0.825

================================================================================
TEST 2: ROLLBACK ON FAILURE
================================================================================
Status: failed
Steps executed: 0
Steps failed: 0
Rollback triggered: False
[FAIL] Rollback did not work as expected
  Rollback was not triggered

================================================================================
TEST 3: DEPENDENCY CONFLICT DETECTION
================================================================================
Status: conflicted
Steps executed: 0
[PASS] Conflict detected and rejected correctly

================================================================================
TEST 4: STRESS TEST (200 COMMANDS)
================================================================================
  Completed 50/200 commands...
  Completed 100/200 commands...
  Completed 150/200 commands...
  Completed 200/200 commands...

Results:
  Crashes: 0
  Mutations: 0
  Valid command success rate: 80.0%
[FAIL] Stress test criteria not met

================================================================================
TEST 5: DETERMINISM
================================================================================
Run 1 status: success
All status same: True
All steps same: True
All confidence same: True
All rollback same: True
All final blueprints identical: True
[PASS] All 5 runs produced identical output

================================================================================
TEST SUMMARY
================================================================================
[FAIL] Test 1: Multi-Step Success
[FAIL] Test 2: Rollback on Failure
[PASS] Test 3: Dependency Conflict
[FAIL] Test 4: Stress Test
[PASS] Test 5: Determinism

TOTAL: 2/5 TESTS PASSED

3 tests failed
